// Jest Snapshot v1, https://goo.gl/fbAQLP

exports[`should match the snapshot of index.html 1`] = `
"<!DOCTYPE html>
<html lang="en">


<head>
    <meta charset="UTF-8">
    <meta name="viewport" content="width=device-width, initial-scale=1.0">
    <title>Document Title</title>

</head>

<body>
    <button id="test-btn">Test!</button>
    <script src="main.js"></script>
</body>

</html>"
`;
